Loading plugins phase: Elapsed time ==> 0s.640ms
<CYPRESSTAG name="CyDsfit arguments...">
cydsfit arguments: -.fdsnotice -.fdswarpdepfile=warp_dependencies.txt -.fdselabdepfile=elab_dependencies.txt -.fdsbldfile=generated_files.txt -.fdsreffile=referenced_files.txt -p \\vmware-host\Shared Folders\Documents\emb2017\psoc\emb2017\WW101-Shield.cydsn\WW101-Shield.cyprj -d CY8C4A45AZI-483 -s \\vmware-host\Shared Folders\Documents\emb2017\psoc\emb2017\WW101-Shield.cydsn\Generated_Source\PSoC4 -- -yv2 -q10 -ygs -o2 -v3 -.fftcfgtype=LE
</CYPRESSTAG>
<CYPRESSTAG name="Design elaboration results...">
ADD: sdb.M0061: information: Info from component: VDAC. The UAB_VDAC_v1_10 component (VDAC) is a prototype component. It has not been tested to production quality and care should be taken if used in a shipping product.
 * \\vmware-host\Shared Folders\Documents\emb2017\psoc\emb2017\WW101-Shield.cydsn\TopDesign\TopDesign.cysch (Instance:VDAC)

</CYPRESSTAG>
Elaboration phase: Elapsed time ==> 5s.406ms
ADD: pft.M0086: error: Error in component: Bootloadable. The referenced Bootloader is invalid. Verify the Bootloader dependency is correct in the Bootloadable Component, then build project. Invalid bootloader hex file. Unable to read the hex file (\\vmware-host\Shared Folders\Documents\emb2017\psoc\emb2017\WW101-Bootloader.cydsn\CortexM0p\ARM_GCC_541\Release\WW101-Bootloader.hex). The path does not exist.
 * \\vmware-host\Shared Folders\Documents\emb2017\psoc\emb2017\WW101-Shield.cydsn\TopDesign\TopDesign.cysch (Instance:Bootloadable)

ADD: pft.M0086: error: Error in component: Bootloadable. The referenced Bootloader is invalid. Verify the Bootloader dependency is correct in the Bootloadable Component, then build project. Invalid bootloader elf file. Unable to read the elf file (\\vmware-host\Shared Folders\Documents\emb2017\psoc\emb2017\WW101-Bootloader.cydsn\CortexM0p\ARM_GCC_541\Release\WW101-Bootloader.elf). The path does not exist.
 * \\vmware-host\Shared Folders\Documents\emb2017\psoc\emb2017\WW101-Shield.cydsn\TopDesign\TopDesign.cysch (Instance:Bootloadable)

